
WAA@LAPTOP-H3F0BI5A MINGW64 ~
$ git --version
git version 2.15.1.windows.2

WAA@LAPTOP-H3F0BI5A MINGW64 ~
$ git config --list
core.symlinks=false
core.autocrlf=true
core.fscache=true
color.diff=auto
color.status=auto
color.branch=auto
color.interactive=true
help.format=html
rebase.autosquash=true
http.sslcainfo=C:/Program Files/Git/mingw64/ssl/certs/ca-bundle.crt
http.sslbackend=openssl
diff.astextplain.textconv=astextplain
filter.lfs.clean=git-lfs clean -- %f
filter.lfs.smudge=git-lfs smudge -- %f
filter.lfs.process=git-lfs filter-process
filter.lfs.required=true
credential.helper=manager
core.editor=nano.exe

WAA@LAPTOP-H3F0BI5A MINGW64 ~
$ git config --global user.name "primitivenen"

WAA@LAPTOP-H3F0BI5A MINGW64 ~
$ git config --global user.email "wanchen.uiuc@gmail.com"

WAA@LAPTOP-H3F0BI5A MINGW64 ~
$ git config --list
core.symlinks=false
core.autocrlf=true
core.fscache=true
color.diff=auto
color.status=auto
color.branch=auto
color.interactive=true
help.format=html
rebase.autosquash=true
http.sslcainfo=C:/Program Files/Git/mingw64/ssl/certs/ca-bundle.crt
http.sslbackend=openssl
diff.astextplain.textconv=astextplain
filter.lfs.clean=git-lfs clean -- %f
filter.lfs.smudge=git-lfs smudge -- %f
filter.lfs.process=git-lfs filter-process
filter.lfs.required=true
credential.helper=manager
core.editor=nano.exe
user.name=primitivenen
user.email=wanchen.uiuc@gmail.com

WAA@LAPTOP-H3F0BI5A MINGW64 ~
$ cd ..

WAA@LAPTOP-H3F0BI5A MINGW64 /c/Users
$ cd /WAA/Downloads/git-test
bash: cd: /WAA/Downloads/git-test: No such file or directory

WAA@LAPTOP-H3F0BI5A MINGW64 /c/Users
$ cd ../WAA/Downloads/git-test
bash: cd: ../WAA/Downloads/git-test: No such file or directory

WAA@LAPTOP-H3F0BI5A MINGW64 /c/Users
$ cd C:/Users/WAA/Downloads/git-test

WAA@LAPTOP-H3F0BI5A MINGW64 ~/Downloads/git-test
$ git init
Initialized empty Git repository in C:/Users/WAA/Downloads/git-test/.git/

WAA@LAPTOP-H3F0BI5A MINGW64 ~/Downloads/git-test (master)

WAA@LAPTOP-H3F0BI5A MINGW64 ~/Downloads/git-test (master)
$ git add .

WAA@LAPTOP-H3F0BI5A MINGW64 ~/Downloads/git-test (master)
$ git commit -m "first commit"
[master (root-commit) 740c8d0] first commit
 1 file changed, 7 insertions(+)
 create mode 100644 index.html

WAA@LAPTOP-H3F0BI5A MINGW64 ~/Downloads/git-test (master)
$ git log --oneline
740c8d0 (HEAD -> master) first commit

WAA@LAPTOP-H3F0BI5A MINGW64 ~/Downloads/git-test (master)
$ git add .

WAA@LAPTOP-H3F0BI5A MINGW64 ~/Downloads/git-test (master)
$ git status
On branch master
Changes to be committed:
  (use "git reset HEAD <file>..." to unstage)

        new file:   templates/test.html


WAA@LAPTOP-H3F0BI5A MINGW64 ~/Downloads/git-test (master)
$ git commit -m "second commit"
[master 7e8ce93] second commit
 1 file changed, 0 insertions(+), 0 deletions(-)
 create mode 100644 templates/test.html

WAA@LAPTOP-H3F0BI5A MINGW64 ~/Downloads/git-test (master)
$ git log --oneline
7e8ce93 (HEAD -> master) second commit
740c8d0 first commit

WAA@LAPTOP-H3F0BI5A MINGW64 ~/Downloads/git-test (master)
$ git add .

WAA@LAPTOP-H3F0BI5A MINGW64 ~/Downloads/git-test (master)
$ git status
On branch master
Changes to be committed:
  (use "git reset HEAD <file>..." to unstage)

        modified:   index.html
        modified:   templates/test.html


WAA@LAPTOP-H3F0BI5A MINGW64 ~/Downloads/git-test (master)
$ git commit -m "third commit"
[master 128c29b] third commit
 2 files changed, 11 insertions(+)

WAA@LAPTOP-H3F0BI5A MINGW64 ~/Downloads/git-test (master)
$ git log --oneline
128c29b (HEAD -> master) third commit
7e8ce93 second commit
740c8d0 first commit
WAA@LAPTOP-H3F0BI5A MINGW64 ~/Downloads/git-test (master)
$ git checkout 7e8ce93 index.html

WAA@LAPTOP-H3F0BI5A MINGW64 ~/Downloads/git-test (master)
$ git status
On branch master
Changes to be committed:
  (use "git reset HEAD <file>..." to unstage)

        modified:   index.html


WAA@LAPTOP-H3F0BI5A MINGW64 ~/Downloads/git-test (master)
$ git reset HEAD index.html
Unstaged changes after reset:
M       index.html

WAA@LAPTOP-H3F0BI5A MINGW64 ~/Downloads/git-test (master)
$ git checkout --index.html


